Microsoft Windows [Version 10.0.17134.1304]
(c) 2018 Microsoft Corporation. All rights reserved.

C:\Users\Anjali Gurav\Downloads\Git_Project\ProjectTwo>git init
Reinitialized existing Git repository in C:/Users/Anjali Gurav/Downloads/Git_Project/ProjectTwo/.git/

C:\Users\Anjali Gurav\Downloads\Git_Project\ProjectTwo>git add .

C:\Users\Anjali Gurav\Downloads\Git_Project\ProjectTwo>git status
On branch master

No commits yet

Changes to be committed:
  (use "git rm --cached <file>..." to unstage)

        new file:   b.txt.txt


C:\Users\Anjali Gurav\Downloads\Git_Project\ProjectTwo>git commit -m "first commit"
[master (root-commit) fc92a2c] first commit
 1 file changed, 1 insertion(+)
 create mode 100644 b.txt.txt

C:\Users\Anjali Gurav\Downloads\Git_Project\ProjectTwo>git branch demo

C:\Users\Anjali Gurav\Downloads\Git_Project\ProjectTwo>git status
On branch master
nothing to commit, working tree clean

C:\Users\Anjali Gurav\Downloads\Git_Project\ProjectTwo>git branch
  demo
* master

C:\Users\Anjali Gurav\Downloads\Git_Project\ProjectTwo>git checkout demo
Switched to branch 'demo'

C:\Users\Anjali Gurav\Downloads\Git_Project\ProjectTwo>git branch
* demo
  master

C:\Users\Anjali Gurav\Downloads\Git_Project\ProjectTwo>git status
On branch demo
Changes not staged for commit:
  (use "git add <file>..." to update what will be committed)
  (use "git checkout -- <file>..." to discard changes in working directory)

        modified:   b.txt.txt

no changes added to commit (use "git add" and/or "git commit -a")

C:\Users\Anjali Gurav\Downloads\Git_Project\ProjectTwo>git add b.txt
fatal: pathspec 'b.txt' did not match any files

C:\Users\Anjali Gurav\Downloads\Git_Project\ProjectTwo>git add .

C:\Users\Anjali Gurav\Downloads\Git_Project\ProjectTwo>git status
On branch demo
Changes to be committed:
  (use "git reset HEAD <file>..." to unstage)

        modified:   b.txt.txt


C:\Users\Anjali Gurav\Downloads\Git_Project\ProjectTwo>git commit -m "commit after modifying b.txt file"
[demo cc8b270] commit after modifying b.txt file
 1 file changed, 12 insertions(+), 1 deletion(-)

C:\Users\Anjali Gurav\Downloads\Git_Project\ProjectTwo>git branch demo2

C:\Users\Anjali Gurav\Downloads\Git_Project\ProjectTwo>git status
On branch demo
nothing to commit, working tree clean

C:\Users\Anjali Gurav\Downloads\Git_Project\ProjectTwo>git branch
* demo
  demo2
  master

C:\Users\Anjali Gurav\Downloads\Git_Project\ProjectTwo>git checkout demo2
Switched to branch 'demo2'

C:\Users\Anjali Gurav\Downloads\Git_Project\ProjectTwo>git branch
  demo
* demo2
  master

C:\Users\Anjali Gurav\Downloads\Git_Project\ProjectTwo>git add .

C:\Users\Anjali Gurav\Downloads\Git_Project\ProjectTwo>git status
On branch demo2
Changes to be committed:
  (use "git reset HEAD <file>..." to unstage)

        new file:   c.txt.txt


C:\Users\Anjali Gurav\Downloads\Git_Project\ProjectTwo>git commit -m "commit after adding c.txt file on branch demo2"
[demo2 6a8ae57] commit after adding c.txt file on branch demo2
 1 file changed, 12 insertions(+)
 create mode 100644 c.txt.txt

C:\Users\Anjali Gurav\Downloads\Git_Project\ProjectTwo>git status
On branch demo2
nothing to commit, working tree clean

C:\Users\Anjali Gurav\Downloads\Git_Project\ProjectTwo>git branch
  demo
* demo2
  master

C:\Users\Anjali Gurav\Downloads\Git_Project\ProjectTwo>git merge demo
Already up to date.

C:\Users\Anjali Gurav\Downloads\Git_Project\ProjectTwo>git checkout demo
Switched to branch 'demo'

C:\Users\Anjali Gurav\Downloads\Git_Project\ProjectTwo>git merge demo2
Updating cc8b270..6a8ae57
Fast-forward
 c.txt.txt | 12 ++++++++++++
 1 file changed, 12 insertions(+)
 create mode 100644 c.txt.txt

C:\Users\Anjali Gurav\Downloads\Git_Project\ProjectTwo>git branch
* demo
  demo2
  master

C:\Users\Anjali Gurav\Downloads\Git_Project\ProjectTwo>git status
On branch demo
nothing to commit, working tree clean

C:\Users\Anjali Gurav\Downloads\Git_Project\ProjectTwo>

